// Vitest Snapshot v1, https://vitest.dev/guide/snapshot.html

exports[`Income component > should match the snapshot 1`] = `
<DocumentFragment>
  <div
    class="css-1l7yyhn"
  >
    <h2
      class="css-ybmwtq"
    >
      INCOME
    </h2>
    <div
      class="css-7xvfqo"
    >
      <div
        class="css-kcy40u"
      >
        Cash Flow
      </div>
      <ul
        class="css-8707tt"
      >
        <li
          class="css-bf19dc"
        >
          <p>
            Programmer Salary
          </p>
          <p>
            $2,500
          </p>
        </li>
        <li
          class="css-bf19dc"
        >
          <p>
            3/2 House
          </p>
          <p>
            $100
          </p>
        </li>
        <li
          class="css-bf19dc"
        >
          <p>
            2/1 Condo
          </p>
          <p>
            $2,500
          </p>
        </li>
        <li
          class="css-bf19dc"
        >
          <p>
            20 Shares of 2BIG
          </p>
          <p>
            $200
          </p>
        </li>
        <li
          class="css-bf19dc"
        >
          <p>
            100 Shares of CD
          </p>
          <p>
            $2,000
          </p>
        </li>
        <li
          class="css-bf19dc"
        >
          <p>
            100 Shares of AB
          </p>
          <p>
            $4,000
          </p>
        </li>
      </ul>
    </div>
  </div>
</DocumentFragment>
`;
